# 1. Every line should have 2 words seperated by one space
# 2. Blank lines and comments are ignored
#
# Format: <uniq_formal_caption> <source>
#  <uniq_formal_caption> is the unique portion of the target filename
#  <source> the URL of the source data



# Jgi Poptr
# http://genome.jgi-psf.org/Poptr1_1/Poptr1_1.download.ftp.html

jgi-poptr-v1-1------_proteins--- ftp://ftp.jgi-psf.org/pub/JGI_data/Poplar/annotation/v1.1/proteins.Poptr1_1.JamboreeModels.fasta.gz
jgi-poptr_v1-1------_transcripts ftp://ftp.jgi-psf.org/pub/JGI_data/Poplar/annotation/v1.1/transcripts.Poptr1_1.JamboreeModels.fasta.gz



# Jgi Phypa
# http://genome.jgi-psf.org/Phypa1_1/Phypa1_1.download.ftp.html

jgi-phypa_v1-1------_proteins--- ftp://ftp.jgi-psf.org/pub/JGI_data/Physcomitrella_patens/v1.1/Physcomitrella_patens.1_1.fasta.gz
jgi-phypa_v1-1------_transcripts ftp://ftp.jgi-psf.org/pub/JGI_data/Physcomitrella_patens/v1.1/transcripts.Phypa1_1.FilteredModels.fasta.gz



# Tigr (Rice)

tigr-----_v6-0------_all-seq---- ftp://ftp.plantbiology.msu.edu/pub/data/Eukaryotic_Projects/o_sativa/annotation_dbs/pseudomolecules/version_6.0/all.dir/all.seq
tigr-----_v6-0------_all-pep---- ftp://ftp.plantbiology.msu.edu/pub/data/Eukaryotic_Projects/o_sativa/annotation_dbs/pseudomolecules/version_6.0/all.dir/all.pep



# Tair (Arabidopsis)
# http://arabidopsis.org/help/helppages/BLAST_help.jsp#datasets

# Not: ftp://ftp.tigr.org/pub/data/a_thaliana/ath1/SEQUENCES/ it's outdated

tair-----_v20080412-_tair8seq--- ftp://ftp.arabidopsis.org/home/tair/Sequences/blast_datasets/TAIR8_blastsets/TAIR8_seq_20080412
tair-----_v20080412-_tair8pep--- ftp://ftp.arabidopsis.org/home/tair/Sequences/blast_datasets/TAIR8_blastsets/TAIR8_pep_20080412



# Uniprot
# See 14.9 in ftp://ftp.uniprot.org/pub/databases/uniprot/relnotes.txt

# Don't care for uniref's
# Don't care for Splice Variants (varsplic)

uniprot--_v14-9-----_sprot------ ftp://ftp.uniprot.org/pub/databases/uniprot/current_release/knowledgebase/complete/uniprot_sprot.fasta.gz
uniprot--_v14-9-----_trembl----- ftp://ftp.uniprot.org/pub/databases/uniprot/current_release/knowledgebase/complete/uniprot_trembl.fasta.gz

